Component: ARM Compiler 5.06 update 6 (build 750) Tool: armlink [4d35ed]

==============================================================================

Section Cross References

    startup_stm32f103xb.o(STACK) refers (Special) to heapauxi.o(.text) for __use_two_region_memory
    startup_stm32f103xb.o(HEAP) refers (Special) to heapauxi.o(.text) for __use_two_region_memory
    startup_stm32f103xb.o(RESET) refers (Special) to heapauxi.o(.text) for __use_two_region_memory
    startup_stm32f103xb.o(RESET) refers to startup_stm32f103xb.o(STACK) for __initial_sp
    startup_stm32f103xb.o(RESET) refers to startup_stm32f103xb.o(.text) for Reset_Handler
    startup_stm32f103xb.o(RESET) refers to stm32f1xx_it.o(i.NMI_Handler) for NMI_Handler
    startup_stm32f103xb.o(RESET) refers to stm32f1xx_it.o(i.HardFault_Handler) for HardFault_Handler
    startup_stm32f103xb.o(RESET) refers to stm32f1xx_it.o(i.MemManage_Handler) for MemManage_Handler
    startup_stm32f103xb.o(RESET) refers to stm32f1xx_it.o(i.BusFault_Handler) for BusFault_Handler
    startup_stm32f103xb.o(RESET) refers to stm32f1xx_it.o(i.UsageFault_Handler) for UsageFault_Handler
    startup_stm32f103xb.o(RESET) refers to stm32f1xx_it.o(i.SVC_Handler) for SVC_Handler
    startup_stm32f103xb.o(RESET) refers to stm32f1xx_it.o(i.DebugMon_Handler) for DebugMon_Handler
    startup_stm32f103xb.o(RESET) refers to stm32f1xx_it.o(i.PendSV_Handler) for PendSV_Handler
    startup_stm32f103xb.o(RESET) refers to stm32f1xx_it.o(i.SysTick_Handler) for SysTick_Handler
    startup_stm32f103xb.o(RESET) refers to stm32f1xx_it.o(i.TIM2_IRQHandler) for TIM2_IRQHandler
    startup_stm32f103xb.o(.text) refers (Special) to heapauxi.o(.text) for __use_two_region_memory
    startup_stm32f103xb.o(.text) refers to system_stm32f1xx.o(i.SystemInit) for SystemInit
    startup_stm32f103xb.o(.text) refers to __main.o(!!!main) for __main
    startup_stm32f103xb.o(.text) refers to startup_stm32f103xb.o(HEAP) for Heap_Mem
    startup_stm32f103xb.o(.text) refers to startup_stm32f103xb.o(STACK) for Stack_Mem
    main.o(i.SystemClock_Config) refers to rt_memclr_w.o(.text) for __aeabi_memclr4
    main.o(i.SystemClock_Config) refers to stm32f1xx_hal_rcc.o(i.HAL_RCC_OscConfig) for HAL_RCC_OscConfig
    main.o(i.SystemClock_Config) refers to stm32f1xx_hal_rcc.o(i.HAL_RCC_ClockConfig) for HAL_RCC_ClockConfig
    main.o(i.main) refers to stm32f1xx_hal.o(i.HAL_Init) for HAL_Init
    main.o(i.main) refers to main.o(i.SystemClock_Config) for SystemClock_Config
    main.o(i.main) refers to gpio.o(i.MX_GPIO_Init) for MX_GPIO_Init
    main.o(i.main) refers to i2c.o(i.MX_I2C1_Init) for MX_I2C1_Init
    main.o(i.main) refers to tim.o(i.MX_TIM2_Init) for MX_TIM2_Init
    main.o(i.main) refers to stm32f1xx_hal_tim.o(i.HAL_TIM_Base_Start_IT) for HAL_TIM_Base_Start_IT
    main.o(i.main) refers to stm32f1xx_hal.o(i.HAL_Delay) for HAL_Delay
    main.o(i.main) refers to oled.o(i.OLED_Init) for OLED_Init
    main.o(i.main) refers to oled.o(i.OLED_Test) for OLED_Test
    main.o(i.main) refers to animation.o(i.AnimationManager_Handle) for AnimationManager_Handle
    main.o(i.main) refers to tim.o(.bss) for htim2
    i2c.o(i.HAL_I2C_MspDeInit) refers to stm32f1xx_hal_gpio.o(i.HAL_GPIO_DeInit) for HAL_GPIO_DeInit
    i2c.o(i.HAL_I2C_MspInit) refers to stm32f1xx_hal_gpio.o(i.HAL_GPIO_Init) for HAL_GPIO_Init
    i2c.o(i.MX_I2C1_Init) refers to stm32f1xx_hal_i2c.o(i.HAL_I2C_Init) for HAL_I2C_Init
    i2c.o(i.MX_I2C1_Init) refers to main.o(i.Error_Handler) for Error_Handler
    i2c.o(i.MX_I2C1_Init) refers to i2c.o(.bss) for .bss
    tim.o(i.HAL_TIM_Base_MspDeInit) refers to stm32f1xx_hal_cortex.o(i.HAL_NVIC_DisableIRQ) for HAL_NVIC_DisableIRQ
    tim.o(i.HAL_TIM_Base_MspInit) refers to stm32f1xx_hal_cortex.o(i.HAL_NVIC_SetPriority) for HAL_NVIC_SetPriority
    tim.o(i.HAL_TIM_Base_MspInit) refers to stm32f1xx_hal_cortex.o(i.HAL_NVIC_EnableIRQ) for HAL_NVIC_EnableIRQ
    tim.o(i.MX_TIM2_Init) refers to stm32f1xx_hal_tim.o(i.HAL_TIM_Base_Init) for HAL_TIM_Base_Init
    tim.o(i.MX_TIM2_Init) refers to main.o(i.Error_Handler) for Error_Handler
    tim.o(i.MX_TIM2_Init) refers to stm32f1xx_hal_tim.o(i.HAL_TIM_ConfigClockSource) for HAL_TIM_ConfigClockSource
    tim.o(i.MX_TIM2_Init) refers to stm32f1xx_hal_tim_ex.o(i.HAL_TIMEx_MasterConfigSynchronization) for HAL_TIMEx_MasterConfigSynchronization
    tim.o(i.MX_TIM2_Init) refers to tim.o(.bss) for .bss
    stm32f1xx_it.o(i.SysTick_Handler) refers to stm32f1xx_hal.o(i.HAL_IncTick) for HAL_IncTick
    stm32f1xx_it.o(i.TIM2_IRQHandler) refers to stm32f1xx_hal_tim.o(i.HAL_TIM_IRQHandler) for HAL_TIM_IRQHandler
    stm32f1xx_it.o(i.TIM2_IRQHandler) refers to tim.o(.bss) for htim2
    stm32f1xx_hal_i2c.o(i.HAL_I2C_DeInit) refers to i2c.o(i.HAL_I2C_MspDeInit) for HAL_I2C_MspDeInit
    stm32f1xx_hal_i2c.o(i.HAL_I2C_ER_IRQHandler) refers to stm32f1xx_hal_i2c.o(i.I2C_Slave_AF) for I2C_Slave_AF
[...]
    i.OLED_SetBits_Fine                      0x08001a50   Section        0  oled.o(i.OLED_SetBits_Fine)
    i.OLED_SetBlock                          0x08001ab8   Section        0  oled.o(i.OLED_SetBlock)
    i.OLED_SetByte_Fine                      0x08001b40   Section        0  oled.o(i.OLED_SetByte_Fine)
    i.OLED_ShowFrame                         0x08001b88   Section        0  oled.o(i.OLED_ShowFrame)
    i.OLED_Test                              0x08001bd0   Section        0  oled.o(i.OLED_Test)
    i.OLED_Typewriter                        0x08001c08   Section        0  animation.o(i.OLED_Typewriter)
    i.OLED_TypewriterCodePaged               0x08001c88   Section        0  animation.o(i.OLED_TypewriterCodePaged)
    i.OLED_TypewriterLine                    0x08001cdc   Section        0  animation.o(i.OLED_TypewriterLine)
    i.PendSV_Handler                         0x08001d56   Section        0  stm32f1xx_it.o(i.PendSV_Handler)
    i.SVC_Handler                            0x08001d58   Section        0  stm32f1xx_it.o(i.SVC_Handler)
    i.ShowChinese                            0x08001d5c   Section        0  animation.o(i.ShowChinese)
    i.ShowCode                               0x08001d94   Section        0  animation.o(i.ShowCode)
    i.ShowProgressBar                        0x08001db4   Section        0  animation.o(i.ShowProgressBar)
    i.SysTick_Handler                        0x08001df8   Section        0  stm32f1xx_it.o(i.SysTick_Handler)
    i.SystemClock_Config                     0x08001dfc   Section        0  main.o(i.SystemClock_Config)
    i.SystemInit                             0x08001e54   Section        0  system_stm32f1xx.o(i.SystemInit)
    i.TIM2_IRQHandler                        0x08001e58   Section        0  stm32f1xx_it.o(i.TIM2_IRQHandler)
    i.TIM_Base_SetConfig                     0x08001e64   Section        0  stm32f1xx_hal_tim.o(i.TIM_Base_SetConfig)
    i.TIM_ETR_SetConfig                      0x08001edc   Section        0  stm32f1xx_hal_tim.o(i.TIM_ETR_SetConfig)
    i.TIM_ITRx_SetConfig                     0x08001ef0   Section        0  stm32f1xx_hal_tim.o(i.TIM_ITRx_SetConfig)
    TIM_ITRx_SetConfig                       0x08001ef1   Thumb Code    16  stm32f1xx_hal_tim.o(i.TIM_ITRx_SetConfig)
    i.TIM_TI1_ConfigInputStage               0x08001f00   Section        0  stm32f1xx_hal_tim.o(i.TIM_TI1_ConfigInputStage)
    TIM_TI1_ConfigInputStage                 0x08001f01   Thumb Code    34  stm32f1xx_hal_tim.o(i.TIM_TI1_ConfigInputStage)
    i.TIM_TI2_ConfigInputStage               0x08001f22   Section        0  stm32f1xx_hal_tim.o(i.TIM_TI2_ConfigInputStage)
    TIM_TI2_ConfigInputStage                 0x08001f23   Thumb Code    36  stm32f1xx_hal_tim.o(i.TIM_TI2_ConfigInputStage)
    i.UsageFault_Handler                     0x08001f46   Section        0  stm32f1xx_it.o(i.UsageFault_Handler)
    i._OLED_GetUTF8Len                       0x08001f48   Section        0  oled.o(i._OLED_GetUTF8Len)
    i.__NVIC_SetPriority                     0x08001f7a   Section        0  stm32f1xx_hal_cortex.o(i.__NVIC_SetPriority)
    __NVIC_SetPriority                       0x08001f7b   Thumb Code    32  stm32f1xx_hal_cortex.o(i.__NVIC_SetPriority)
    i.main                                   0x08001f9c   Section        0  main.o(i.main)
    .constdata                               0x08001fd0   Section       18  stm32f1xx_hal_rcc.o(.constdata)
    aPredivFactorTable                       0x08001fd0   Data           2  stm32f1xx_hal_rcc.o(.constdata)
    aPLLMULFactorTable                       0x08001fd2   Data          16  stm32f1xx_hal_rcc.o(.constdata)
    .constdata                               0x08001fe2   Section       16  system_stm32f1xx.o(.constdata)
    .constdata                               0x08001ff2   Section        8  system_stm32f1xx.o(.constdata)
    .constdata                               0x08001ffa   Section     1520  font.o(.constdata)
    .constdata                               0x080025ec   Section        8  font.o(.constdata)
    .constdata                               0x080025f4   Section      324  font.o(.constdata)
    .constdata                               0x08002738   Section       16  font.o(.constdata)
    .constdata                               0x08002748   Section      912  font.o(.constdata)
    .constdata                               0x08002ad8   Section        8  font.o(.constdata)
    .constdata                               0x08002ae0   Section      912  font.o(.constdata)
    .constdata                               0x08002e70   Section        8  font.o(.constdata)
    .constdata                               0x08002e78   Section      912  font.o(.constdata)
    .constdata                               0x08003208   Section        8  font.o(.constdata)
    .constdata                               0x08003210   Section      912  font.o(.constdata)
    .constdata                               0x080035a0   Section        8  font.o(.constdata)
    .constdata                               0x080035a8   Section      912  font.o(.constdata)
    .constdata                               0x08003938   Section        8  font.o(.constdata)
    .constdata                               0x08003940   Section      912  font.o(.constdata)
    .constdata                               0x08003cd0   Section        8  font.o(.constdata)
    .constdata                               0x08003cd8   Section      912  font.o(.constdata)
    .constdata                               0x08004068   Section        8  font.o(.constdata)
    .constdata                               0x08004070   Section      912  font.o(.constdata)
    .constdata                               0x08004400   Section        8  font.o(.constdata)
    .constdata                               0x08004408   Section      912  font.o(.constdata)
    .constdata                               0x08004798   Section        8  font.o(.constdata)
    .constdata                               0x080047a0   Section      912  font.o(.constdata)
    .constdata                               0x08004b30   Section        8  font.o(.constdata)
    .constdata                               0x08004b38   Section      912  font.o(.constdata)
    .constdata                               0x08004ec8   Section        8  font.o(.constdata)
    .constdata                               0x08004ed0   Section      912  font.o(.constdata)
    .constdata                               0x08005260   Section        8  font.o(.constdata)
    .constdata                               0x08005268   Section      912  font.o(.constdata)
    .constdata                               0x080055f8   Section        8  font.o(.constdata)
    .constdata                               0x08005600   Section      912  font.o(.constdata)
    .constdata                               0x08005990   Section        8  font.o(.constdata)
    .constdata                               0x08005998   Section      912  font.o(.constdata)
    .constdata                               0x08005d28   Section        8  font.o(.constdata)
    .constdata                               0x08005d30   Section      912  font.o(.constdata)
    .constdata                               0x080060c0   Section        8  font.o(.constdata)
    .constdata                               0x080060c8   Section      912  font.o(.constdata)
    .constdata                               0x08006458   Section        8  font.o(.constdata)
    .constdata                               0x08006460   Section      912  font.o(.constdata)
    .constdata                               0x080067f0   Section        8  font.o(.constdata)
    .constdata                               0x080067f8   Section      912  font.o(.constdata)
    .constdata                               0x08006b88   Section        8  font.o(.constdata)
    .constdata                               0x08006b90   Section      912  font.o(.constdata)
    .constdata                               0x08006f20   Section        8  font.o(.constdata)
    .constdata                               0x08006f28   Section      912  font.o(.constdata)
    .constdata                               0x080072b8   Section        8  font.o(.constdata)
    .constdata                               0x080072c0   Section      912  font.o(.constdata)
    .constdata                               0x08007650   Section        8  font.o(.constdata)
    .constdata                               0x08007658   Section      912  font.o(.constdata)
    .constdata                               0x080079e8   Section        8  font.o(.constdata)
    .constdata                               0x080079f0   Section      912  font.o(.constdata)
    .constdata                               0x08007d80   Section        8  font.o(.constdata)
    .constdata                               0x08007d88   Section      912  font.o(.constdata)
    .constdata                               0x08008118   Section        8  font.o(.constdata)
    .constdata                               0x08008120   Section      912  font.o(.constdata)
    .constdata                               0x080084b0   Section        8  font.o(.constdata)
    .constdata                               0x080084b8   Section      912  font.o(.constdata)
    .constdata                               0x08008848   Section        8  font.o(.constdata)
    .constdata                               0x08008850   Section      912  font.o(.constdata)
    .constdata                               0x08008be0   Section        8  font.o(.constdata)
    .constdata                               0x08008be8   Section      912  font.o(.constdata)
    .constdata                               0x08008f78   Section        8  font.o(.constdata)
    .constdata                               0x08008f80   Section      912  font.o(.constdata)
    .constdata                               0x08009310   Section        8  font.o(.constdata)
    .constdata                               0x08009318   Section      912  font.o(.constdata)
    .constdata                               0x080096a8   Section        8  font.o(.constdata)
    .constdata                               0x080096b0   Section      912  font.o(.constdata)
    .constdata                               0x08009a40   Section        8  font.o(.constdata)
    .constdata                               0x08009a48   Section      912  font.o(.constdata)
    .constdata                               0x08009dd8   Section        8  font.o(.constdata)
    .constdata                               0x08009de0   Section      912  font.o(.constdata)
    .constdata                               0x0800a170   Section        8  font.o(.constdata)
    .constdata                               0x0800a178   Section      912  font.o(.constdata)
    .constdata                               0x0800a508   Section        8  font.o(.constdata)
    .constdata                               0x0800a510   Section      912  font.o(.constdata)
    .constdata                               0x0800a8a0   Section        8  font.o(.constdata)
    .constdata                               0x0800a8a8   Section      912  font.o(.constdata)
    .constdata                               0x0800ac38   Section        8  font.o(.constdata)
    .constdata                               0x0800ac40   Section      912  font.o(.constdata)
    .constdata                               0x0800afd0   Section        8  font.o(.constdata)
    .constdata                               0x0800afd8   Section      912  font.o(.constdata)
    .constdata                               0x0800b368   Section        8  font.o(.constdata)
    .constdata                               0x0800b370   Section      912  font.o(.constdata)
    .constdata                               0x0800b700   Section        8  font.o(.constdata)
    .constdata                               0x0800b708   Section      912  font.o(.constdata)
    .constdata                               0x0800ba98   Section        8  font.o(.constdata)
    .constdata                               0x0800baa0   Section      912  font.o(.constdata)
    .constdata                               0x0800be30   Section        8  font.o(.constdata)
    .constdata                               0x0800be38   Section      912  font.o(.constdata)
    .constdata                               0x0800c1c8   Section        8  font.o(.constdata)
    .constdata                               0x0800c1d0   Section      912  font.o(.constdata)
    .constdata                               0x0800c560   Section        8  font.o(.constdata)
    .constdata                               0x0800c568   Section      912  font.o(.constdata)
    .constdata                               0x0800c8f8   Section        8  font.o(.constdata)
    .constdata                               0x0800c900   Section      912  font.o(.constdata)
    .constdata                               0x0800cc90   Section        8  font.o(.constdata)
    .constdata                               0x0800cc98   Section      912  font.o(.constdata)
    .constdata                               0x0800d028   Section        8  font.o(.constdata)
    .constdata                               0x0800d030   Section      912  font.o(.constdata)
    .constdata                               0x0800d3c0   Section        8  font.o(.constdata)
    .constdata                               0x0800d3c8   Section      912  font.o(.constdata)
    .constdata                               0x0800d758   Section        8  font.o(.constdata)
    .constdata                               0x0800d760   Section      912  font.o(.constdata)
    .constdata                               0x0800daf0   Section        8  font.o(.constdata)
    .constdata                               0x0800daf8   Section      912  font.o(.constdata)
    .constdata                               0x0800de88   Section        8  font.o(.constdata)
    .constdata                               0x0800de90   Section      912  font.o(.constdata)
    .constdata                               0x0800e220   Section        8  font.o(.constdata)
    .constdata                               0x0800e228   Section      912  font.o(.constdata)
    .constdata                               0x0800e5b8   Section        8  font.o(.constdata)
    .constdata                               0x0800e5c0   Section      912  font.o(.constdata)
    .constdata                               0x0800e950   Section        8  font.o(.constdata)
    .constdata                               0x0800e958   Section      912  font.o(.constdata)
    .constdata                               0x0800ece8   Section        8  font.o(.constdata)
    .constdata                               0x0800ecf0   Section      912  font.o(.constdata)
    .constdata                               0x0800f080   Section        8  font.o(.constdata)
    .constdata                               0x0800f088   Section      912  font.o(.constdata)
    .constdata                               0x0800f418   Section        8  font.o(.constdata)
    .constdata                               0x0800f420   Section      912  font.o(.constdata)
    .constdata                               0x0800f7b0   Section        8  font.o(.constdata)
    .constdata                               0x0800f7b8   Section      912  font.o(.constdata)
    .constdata                               0x0800fb48   Section        8  font.o(.constdata)
    .constdata                               0x0800fb50   Section      912  font.o(.constdata)
    .constdata                               0x0800fee0   Section        8  font.o(.constdata)
    .constdata                               0x0800fee8   Section      912  font.o(.constdata)
    .constdata                               0x08010278   Section        8  font.o(.constdata)
    .constdata                               0x08010280   Section      912  font.o(.constdata)
    .constdata                               0x08010610   Section        8  font.o(.constdata)
    .constdata                               0x08010618   Section      912  font.o(.constdata)
    .constdata                               0x080109a8   Section        8  font.o(.constdata)
    .constdata                               0x080109b0   Section      912  font.o(.constdata)
    .constdata                               0x08010d40   Section        8  font.o(.constdata)
    .constdata                               0x08010d48   Section      912  font.o(.constdata)
    .constdata                               0x080110d8   Section        8  font.o(.constdata)
    .constdata                               0x080110e0   Section      912  font.o(.constdata)
    .constdata                               0x08011470   Section        8  font.o(.constdata)
    .conststring                             0x08011478   Section      178  animation.o(.conststring)
    .data                                    0x20000000   Section       12  stm32f1xx_hal.o(.data)
    .data                                    0x2000000c   Section        4  system_stm32f1xx.o(.data)
    .data                                    0x20000010   Section       52  animation.o(.data)
    currentFrame                             0x20000014   Data           4  animation.o(.data)
    .data                                    0x20000044   Section      264  font.o(.data)
    .data                                    0x2000014c   Section        4  oled.o(.data)
    temp                                     0x2000014c   Data           1  oled.o(.data)
    temp                                     0x2000014d   Data           1  oled.o(.data)
    sendBuffer                               0x2000014e   Data           2  oled.o(.data)
    .bss                                     0x20000150   Section       84  i2c.o(.bss)
    .bss                                     0x200001a4   Section       72  tim.o(.bss)
    .bss                                     0x200001ec   Section     1153  oled.o(.bss)
    sendBuffer                               0x200001ec   Data         129  oled.o(.bss)
    .bss                                     0x20000670   Section       96  libspace.o(.bss)
    HEAP                                     0x200006d0   Section      512  startup_stm32f103xb.o(HEAP)
    Heap_Mem                                 0x200006d0   Data         512  startup_stm32f103xb.o(HEAP)
    STACK                                    0x200008d0   Section     1024  startup_stm32f103xb.o(STACK)
    Stack_Mem                                0x200008d0   Data        1024  startup_stm32f103xb.o(STACK)
    __initial_sp                             0x20000cd0   Data           0  startup_stm32f103xb.o(STACK)

    Global Symbols

    Symbol Name                              Value     Ov Type        Size  Object(Section)

    BuildAttributes$$THM_ISAv4$P$D$K$B$S$PE$A:L22UL41UL21$X:L11$S22US41US21$IEEE1$IW$USESV6$~STKCKD$USESV7$~SHL$OSPACE$ROPI$EBA8$UX$STANDARDLIB$REQ8$PRES8$EABIv2 0x00000000   Number         0  anon$$obj.o ABSOLUTE
    __ARM_use_no_argv                        0x00000000   Number         0  main.o ABSOLUTE
    __ARM_exceptions_init                     - Undefined Weak Reference
    __alloca_initialize                       - Undefined Weak Reference
    __arm_preinit_                            - Undefined Weak Reference
    __cpp_initialize__aeabi_                  - Undefined Weak Reference
    __cxa_finalize                            - Undefined Weak Reference
    __rt_locale                               - Undefined Weak Reference
    __sigvec_lookup                           - Undefined Weak Reference
    _atexit_init                              - Undefined Weak Reference
    _call_atexit_fns                          - Undefined Weak Reference
    _clock_init                               - Undefined Weak Reference
    _fp_trap_init                             - Undefined Weak Reference
    _fp_trap_shutdown                         - Undefined Weak Reference
    _get_lc_collate                           - Undefined Weak Reference
    _get_lc_ctype                             - Undefined Weak Reference
    _get_lc_monetary                          - Undefined Weak Reference
    _get_lc_numeric                           - Undefined Weak Reference
    _get_lc_time                              - Undefined Weak Reference
    _getenv_init                              - Undefined Weak Reference
    _handle_redirection                       - Undefined Weak Reference
    _init_alloc                               - Undefined Weak Reference
    _init_user_alloc                          - Undefined Weak Reference
    _initio                                   - Undefined Weak Reference
    _rand_init                                - Undefined Weak Reference
    _signal_finish                            - Undefined Weak Reference
    _signal_init                              - Undefined Weak Reference
    _terminate_alloc                          - Undefined Weak Reference
    _terminate_user_alloc                     - Undefined Weak Reference
    _terminateio                              - Undefined Weak Reference
    __Vectors_Size                           0x000000ec   Number         0  startup_stm32f103xb.o ABSOLUTE
    __Vectors                                0x08000000   Data           4  startup_stm32f103xb.o(RESET)
    __Vectors_End                            0x080000ec   Data           0  startup_stm32f103xb.o(RESET)
    __main                                   0x080000ed   Thumb Code     8  __main.o(!!!main)
    __scatterload                            0x080000f5   Thumb Code     0  __scatter.o(!!!scatter)
    __scatterload_rt2                        0x080000f5   Thumb Code    44  __scatter.o(!!!scatter)
    __scatterload_rt2_thumb_only             0x080000f5   Thumb Code     0  __scatter.o(!!!scatter)
    __scatterload_null                       0x08000103   Thumb Code     0  __scatter.o(!!!scatter)
    __decompress                             0x08000129   Thumb Code    90  __dczerorl2.o(!!dczerorl2)
    __decompress1                            0x08000129   Thumb Code     0  __dczerorl2.o(!!dczerorl2)
    __scatterload_zeroinit                   0x08000185   Thumb Code    28  __scatter_zi.o(!!handler_zi)
    __rt_lib_init                            0x080001a1   Thumb Code     0  libinit.o(.ARM.Collect$$libinit$$00000000)
    __rt_lib_init_alloca_1                   0x080001a3   Thumb Code     0  libinit2.o(.ARM.Collect$$libinit$$0000002E)
    __rt_lib_init_argv_1                     0x080001a3   Thumb Code     0  libinit2.o(.ARM.Collect$$libinit$$0000002C)
    __rt_lib_init_atexit_1                   0x080001a3   Thumb Code     0  libinit2.o(.ARM.Collect$$libinit$$0000001B)
    __rt_lib_init_clock_1                    0x080001a3   Thumb Code     0  libinit2.o(.ARM.Collect$$libinit$$00000021)
    __rt_lib_init_cpp_1                      0x080001a3   Thumb Code     0  libinit2.o(.ARM.Collect$$libinit$$00000032)
    __rt_lib_init_exceptions_1               0x080001a3   Thumb Code     0  libinit2.o(.ARM.Collect$$libinit$$00000030)
    __rt_lib_init_fp_1                       0x080001a3   Thumb Code     0  libinit2.o(.ARM.Collect$$libinit$$00000002)
    __rt_lib_init_fp_trap_1                  0x080001a3   Thumb Code     0  libinit2.o(.ARM.Collect$$libinit$$0000001F)
    __rt_lib_init_getenv_1                   0x080001a3   Thumb Code     0  libinit2.o(.ARM.Collect$$libinit$$00000023)
    __rt_lib_init_heap_1                     0x080001a3   Thumb Code     0  libinit2.o(.ARM.Collect$$libinit$$0000000A)
    __rt_lib_init_lc_collate_1               0x080001a3   Thumb Code     0  libinit2.o(.ARM.Collect$$libinit$$00000011)
    __rt_lib_init_lc_ctype_1                 0x080001a3   Thumb Code     0  libinit2.o(.ARM.Collect$$libinit$$00000013)
    __rt_lib_init_lc_monetary_1              0x080001a3   Thumb Code     0  libinit2.o(.ARM.Collect$$libinit$$00000015)
    __rt_lib_init_lc_numeric_1               0x080001a3   Thumb Code     0  libinit2.o(.ARM.Collect$$libinit$$00000017)
    __rt_lib_init_lc_time_1                  0x080001a3   Thumb Code     0  libinit2.o(.ARM.Collect$$libinit$$00000019)
    __rt_lib_init_preinit_1                  0x080001a3   Thumb Code     0  libinit2.o(.ARM.Collect$$libinit$$00000004)
    __rt_lib_init_rand_1                     0x080001a3   Thumb Code     0  libinit2.o(.ARM.Collect$$libinit$$0000000E)
    __rt_lib_init_return                     0x080001a3   Thumb Code     0  libinit2.o(.ARM.Collect$$libinit$$00000033)
    __rt_lib_init_signal_1                   0x080001a3   Thumb Code     0  libinit2.o(.ARM.Collect$$libinit$$0000001D)
    __rt_lib_init_stdio_1                    0x080001a3   Thumb Code     0  libinit2.o(.ARM.Collect$$libinit$$00000025)
    __rt_lib_init_user_alloc_1               0x080001a3   Thumb Code     0  libinit2.o(.ARM.Collect$$libinit$$0000000C)
    __rt_lib_shutdown                        0x080001a5   Thumb Code     0  libshutdown.o(.ARM.Collect$$libshutdown$$00000000)
    __rt_lib_shutdown_cpp_1                  0x080001a7   Thumb Code     0  libshutdown2.o(.ARM.Collect$$libshutdown$$00000002)
    __rt_lib_shutdown_fp_trap_1              0x080001a7   Thumb Code     0  libshutdown2.o(.ARM.Collect$$libshutdown$$00000007)
    __rt_lib_shutdown_heap_1                 0x080001a7   Thumb Code     0  libshutdown2.o(.ARM.Collect$$libshutdown$$0000000F)
    __rt_lib_shutdown_return                 0x080001a7   Thumb Code     0  libshutdown2.o(.ARM.Collect$$libshutdown$$00000010)
    __rt_lib_shutdown_signal_1               0x080001a7   Thumb Code     0  libshutdown2.o(.ARM.Collect$$libshutdown$$0000000A)
    __rt_lib_shutdown_stdio_1                0x080001a7   Thumb Code     0  libshutdown2.o(.ARM.Collect$$libshutdown$$00000004)
    __rt_lib_shutdown_user_alloc_1           0x080001a7   Thumb Code     0  libshutdown2.o(.ARM.Collect$$libshutdown$$0000000C)
    __rt_entry                               0x080001a9   Thumb Code     0  __rtentry.o(.ARM.Collect$$rtentry$$00000000)
    __rt_entry_presh_1                       0x080001a9   Thumb Code     0  __rtentry2.o(.ARM.Collect$$rtentry$$00000002)
    __rt_entry_sh                            0x080001a9   Thumb Code     0  __rtentry4.o(.ARM.Collect$$rtentry$$00000004)
    __rt_entry_li                            0x080001af   Thumb Code     0  __rtentry2.o(.ARM.Collect$$rtentry$$0000000A)
    __rt_entry_postsh_1                      0x080001af   Thumb Code     0  __rtentry2.o(.ARM.Collect$$rtentry$$00000009)
    __rt_entry_main                          0x080001b3   Thumb Code     0  __rtentry2.o(.ARM.Collect$$rtentry$$0000000D)
    __rt_entry_postli_1                      0x080001b3   Thumb Code     0  __rtentry2.o(.ARM.Collect$$rtentry$$0000000C)
    __rt_exit                                0x080001bb   Thumb Code     0  rtexit.o(.ARM.Collect$$rtexit$$00000000)
    __rt_exit_ls                             0x080001bd   Thumb Code     0  rtexit2.o(.ARM.Collect$$rtexit$$00000003)
    __rt_exit_prels_1                        0x080001bd   Thumb Code     0  rtexit2.o(.ARM.Collect$$rtexit$$00000002)
    __rt_exit_exit                           0x080001c1   Thumb Code     0  rtexit2.o(.ARM.Collect$$rtexit$$00000004)
    Reset_Handler                            0x080001c9   Thumb Code     8  startup_stm32f103xb.o(.text)
    ADC1_2_IRQHandler                        0x080001e3   Thumb Code     0  startup_stm32f103xb.o(.text)
    CAN1_RX1_IRQHandler                      0x080001e3   Thumb Code     0  startup_stm32f103xb.o(.text)
    CAN1_SCE_IRQHandler                      0x080001e3   Thumb Code     0  startup_stm32f103xb.o(.text)
    DMA1_Channel1_IRQHandler                 0x080001e3   Thumb Code     0  startup_stm32f103xb.o(.text)
    DMA1_Channel2_IRQHandler                 0x080001e3   Thumb Code     0  startup_stm32f103xb.o(.text)
    DMA1_Channel3_IRQHandler                 0x080001e3   Thumb Code     0  startup_stm32f103xb.o(.text)
    DMA1_Channel4_IRQHandler                 0x080001e3   Thumb Code     0  startup_stm32f103xb.o(.text)
    DMA1_Channel5_IRQHandler                 0x080001e3   Thumb Code     0  startup_stm32f103xb.o(.text)
    DMA1_Channel6_IRQHandler                 0x080001e3   Thumb Code     0  startup_stm32f103xb.o(.text)
    DMA1_Channel7_IRQHandler                 0x080001e3   Thumb Code     0  startup_stm32f103xb.o(.text)
    EXTI0_IRQHandler                         0x080001e3   Thumb Code     0  startup_stm32f103xb.o(.text)
    EXTI15_10_IRQHandler                     0x080001e3   Thumb Code     0  startup_stm32f103xb.o(.text)
    EXTI1_IRQHandler                         0x080001e3   Thumb Code     0  startup_stm32f103xb.o(.text)
    EXTI2_IRQHandler                         0x080001e3   Thumb Code     0  startup_stm32f103xb.o(.text)
    EXTI3_IRQHandler                         0x080001e3   Thumb Code     0  startup_stm32f103xb.o(.text)
    EXTI4_IRQHandler                         0x080001e3   Thumb Code     0  startup_stm32f103xb.o(.text)
    EXTI9_5_IRQHandler                       0x080001e3   Thumb Code     0  startup_stm32f103xb.o(.text)
    FLASH_IRQHandler                         0x080001e3   Thumb Code     0  startup_stm32f103xb.o(.text)
    I2C1_ER_IRQHandler                       0x080001e3   Thumb Code     0  startup_stm32f103xb.o(.text)
    I2C1_EV_IRQHandler                       0x080001e3   Thumb Code     0  startup_stm32f103xb.o(.text)
    I2C2_ER_IRQHandler                       0x080001e3   Thumb Code     0  startup_stm32f103xb.o(.text)
    I2C2_EV_IRQHandler                       0x080001e3   Thumb Code     0  startup_stm32f103xb.o(.text)
    PVD_IRQHandler                           0x080001e3   Thumb Code     0  startup_stm32f103xb.o(.text)
    RCC_IRQHandler                           0x080001e3   Thumb Code     0  startup_stm32f103xb.o(.text)
    RTC_Alarm_IRQHandler                     0x080001e3   Thumb Code     0  startup_stm32f103xb.o(.text)
    RTC_IRQHandler                           0x080001e3   Thumb Code     0  startup_stm32f103xb.o(.text)
    SPI1_IRQHandler                          0x080001e3   Thumb Code     0  startup_stm32f103xb.o(.text)
    SPI2_IRQHandler                          0x080001e3   Thumb Code     0  startup_stm32f103xb.o(.text)
    TAMPER_IRQHandler                        0x080001e3   Thumb Code     0  startup_stm32f103xb.o(.text)
    TIM1_BRK_IRQHandler                      0x080001e3   Thumb Code     0  startup_stm32f103xb.o(.text)
    TIM1_CC_IRQHandler                       0x080001e3   Thumb Code     0  startup_stm32f103xb.o(.text)
    TIM1_TRG_COM_IRQHandler                  0x080001e3   Thumb Code     0  startup_stm32f103xb.o(.text)
    TIM1_UP_IRQHandler                       0x080001e3   Thumb Code     0  startup_stm32f103xb.o(.text)
    TIM3_IRQHandler                          0x080001e3   Thumb Code     0  startup_stm32f103xb.o(.text)
    TIM4_IRQHandler                          0x080001e3   Thumb Code     0  startup_stm32f103xb.o(.text)
    USART1_IRQHandler                        0x080001e3   Thumb Code     0  startup_stm32f103xb.o(.text)
    USART2_IRQHandler                        0x080001e3   Thumb Code     0  startup_stm32f103xb.o(.text)
    USART3_IRQHandler                        0x080001e3   Thumb Code     0  startup_stm32f103xb.o(.text)
    USBWakeUp_IRQHandler                     0x080001e3   Thumb Code     0  startup_stm32f103xb.o(.text)
    USB_HP_CAN1_TX_IRQHandler                0x080001e3   Thumb Code     0  startup_stm32f103xb.o(.text)
    USB_LP_CAN1_RX0_IRQHandler               0x080001e3   Thumb Code     0  startup_stm32f103xb.o(.text)
    WWDG_IRQHandler                          0x080001e3   Thumb Code     0  startup_stm32f103xb.o(.text)
    __user_initial_stackheap                 0x080001e5   Thumb Code     0  startup_stm32f103xb.o(.text)
    memcmp                                   0x08000209   Thumb Code    88  memcmp.o(.text)
    strlen                                   0x08000261   Thumb Code    62  strlen.o(.text)
    __aeabi_memcpy                           0x0800029f   Thumb Code     0  rt_memcpy_v6.o(.text)
    __rt_memcpy                              0x0800029f   Thumb Code   138  rt_memcpy_v6.o(.text)
    _memcpy_lastbytes                        0x08000305   Thumb Code     0  rt_memcpy_v6.o(.text)
    __aeabi_memclr                           0x08000329   Thumb Code     0  rt_memclr.o(.text)
    __rt_memclr                              0x08000329   Thumb Code    68  rt_memclr.o(.text)
    _memset                                  0x0800032d   Thumb Code     0  rt_memclr.o(.text)
    __aeabi_memclr4                          0x0800036d   Thumb Code     0  rt_memclr_w.o(.text)
    __aeabi_memclr8                          0x0800036d   Thumb Code     0  rt_memclr_w.o(.text)
    __rt_memclr_w                            0x0800036d   Thumb Code    78  rt_memclr_w.o(.text)
    _memset_w                                0x08000371   Thumb Code     0  rt_memclr_w.o(.text)
    strncpy                                  0x080003bb   Thumb Code    86  strncpy.o(.text)
    __use_two_region_memory                  0x08000411   Thumb Code     2  heapauxi.o(.text)
    __rt_heap_escrow$2region                 0x08000413   Thumb Code     2  heapauxi.o(.text)
    __rt_heap_expand$2region                 0x08000415   Thumb Code     2  heapauxi.o(.text)
    __aeabi_memcpy4                          0x08000417   Thumb Code     0  rt_memcpy_w.o(.text)
    __aeabi_memcpy8                          0x08000417   Thumb Code     0  rt_memcpy_w.o(.text)
    __rt_memcpy_w                            0x08000417   Thumb Code   100  rt_memcpy_w.o(.text)
    _memcpy_lastbytes_aligned                0x0800045f   Thumb Code     0  rt_memcpy_w.o(.text)
    __user_setup_stackheap                   0x0800047b   Thumb Code    74  sys_stackheap_outer.o(.text)
    exit                                     0x080004c5   Thumb Code    18  exit.o(.text)
    __user_libspace                          0x080004d9   Thumb Code     8  libspace.o(.text)
    __user_perproc_libspace                  0x080004d9   Thumb Code     0  libspace.o(.text)
    __user_perthread_libspace                0x080004d9   Thumb Code     0  libspace.o(.text)
    _sys_exit                                0x080004e1   Thumb Code     8  sys_exit.o(.text)
    __I$use$semihosting                      0x080004ed   Thumb Code     0  use_no_semi.o(.text)
    __use_no_semihosting_swi                 0x080004ed   Thumb Code     2  use_no_semi.o(.text)
    __semihosting_library_function           0x080004ef   Thumb Code     0  indicate_semi.o(.text)
    AnimationManager_Handle                  0x080004f1   Thumb Code   174  animation.o(i.AnimationManager_Handle)
    BusFault_Handler                         0x080005dd   Thumb Code     2  stm32f1xx_it.o(i.BusFault_Handler)
    DebugMon_Handler                         0x080005df   Thumb Code     2  stm32f1xx_it.o(i.DebugMon_Handler)
    Error_Handler                            0x080005e1   Thumb Code     4  main.o(i.Error_Handler)
    HAL_Delay                                0x080005e5   Thumb Code    32  stm32f1xx_hal.o(i.HAL_Delay)
    HAL_GPIO_Init                            0x08000609   Thumb Code   446  stm32f1xx_hal_gpio.o(i.HAL_GPIO_Init)
    HAL_GetTick                              0x080007e9   Thumb Code     6  stm32f1xx_hal.o(i.HAL_GetTick)
    HAL_I2C_Init                             0x080007f5   Thumb Code   376  stm32f1xx_hal_i2c.o(i.HAL_I2C_Init)
    HAL_I2C_Master_Transmit                  0x0800097d   Thumb Code   290  stm32f1xx_hal_i2c.o(i.HAL_I2C_Master_Transmit)
    HAL_I2C_MspInit                          0x08000aa9   Thumb Code    80  i2c.o(i.HAL_I2C_MspInit)
    HAL_IncTick                              0x08000b05   Thumb Code    12  stm32f1xx_hal.o(i.HAL_IncTick)
    HAL_Init                                 0x08000b15   Thumb Code    32  stm32f1xx_hal.o(i.HAL_Init)
    HAL_InitTick                             0x08000b39   Thumb Code    54  stm32f1xx_hal.o(i.HAL_InitTick)
    HAL_MspInit                              0x08000b79   Thumb Code    52  stm32f1xx_hal_msp.o(i.HAL_MspInit)
    HAL_NVIC_EnableIRQ                       0x08000bb5   Thumb Code    26  stm32f1xx_hal_cortex.o(i.HAL_NVIC_EnableIRQ)
    HAL_NVIC_SetPriority                     0x08000bd1   Thumb Code    60  stm32f1xx_hal_cortex.o(i.HAL_NVIC_SetPriority)
    HAL_NVIC_SetPriorityGrouping             0x08000c11   Thumb Code    26  stm32f1xx_hal_cortex.o(i.HAL_NVIC_SetPriorityGrouping)
    HAL_RCC_ClockConfig                      0x08000c35   Thumb Code   280  stm32f1xx_hal_rcc.o(i.HAL_RCC_ClockConfig)
    HAL_RCC_GetPCLK1Freq                     0x08000d61   Thumb Code    20  stm32f1xx_hal_rcc.o(i.HAL_RCC_GetPCLK1Freq)
    HAL_RCC_GetSysClockFreq                  0x08000d81   Thumb Code    58  stm32f1xx_hal_rcc.o(i.HAL_RCC_GetSysClockFreq)
    HAL_RCC_OscConfig                        0x08000dcd   Thumb Code   786  stm32f1xx_hal_rcc.o(i.HAL_RCC_OscConfig)
    HAL_SYSTICK_Config                       0x080010f5   Thumb Code    40  stm32f1xx_hal_cortex.o(i.HAL_SYSTICK_Config)
    HAL_TIMEx_BreakCallback                  0x0800111d   Thumb Code     2  stm32f1xx_hal_tim_ex.o(i.HAL_TIMEx_BreakCallback)
    HAL_TIMEx_CommutCallback                 0x0800111f   Thumb Code     2  stm32f1xx_hal_tim_ex.o(i.HAL_TIMEx_CommutCallback)
    HAL_TIMEx_MasterConfigSynchronization    0x08001121   Thumb Code    92  stm32f1xx_hal_tim_ex.o(i.HAL_TIMEx_MasterConfigSynchronization)
    HAL_TIM_Base_Init                        0x08001189   Thumb Code    90  stm32f1xx_hal_tim.o(i.HAL_TIM_Base_Init)
    HAL_TIM_Base_MspInit                     0x080011e5   Thumb Code    50  tim.o(i.HAL_TIM_Base_MspInit)
    HAL_TIM_Base_Start_IT                    0x0800121d   Thumb Code    76  stm32f1xx_hal_tim.o(i.HAL_TIM_Base_Start_IT)
    HAL_TIM_ConfigClockSource                0x08001275   Thumb Code   220  stm32f1xx_hal_tim.o(i.HAL_TIM_ConfigClockSource)
    HAL_TIM_IC_CaptureCallback               0x08001351   Thumb Code     2  stm32f1xx_hal_tim.o(i.HAL_TIM_IC_CaptureCallback)
    HAL_TIM_IRQHandler                       0x08001353   Thumb Code   304  stm32f1xx_hal_tim.o(i.HAL_TIM_IRQHandler)
    HAL_TIM_OC_DelayElapsedCallback          0x08001483   Thumb Code     2  stm32f1xx_hal_tim.o(i.HAL_TIM_OC_DelayElapsedCallback)
    HAL_TIM_PWM_PulseFinishedCallback        0x08001485   Thumb Code     2  stm32f1xx_hal_tim.o(i.HAL_TIM_PWM_PulseFinishedCallback)
    HAL_TIM_PeriodElapsedCallback            0x08001487   Thumb Code     2  main.o(i.HAL_TIM_PeriodElapsedCallback)
    HAL_TIM_TriggerCallback                  0x08001489   Thumb Code     2  stm32f1xx_hal_tim.o(i.HAL_TIM_TriggerCallback)
    HardFault_Handler                        0x0800148b   Thumb Code     2  stm32f1xx_it.o(i.HardFault_Handler)
    MX_GPIO_Init                             0x08001755   Thumb Code    38  gpio.o(i.MX_GPIO_Init)
    MX_I2C1_Init                             0x08001781   Thumb Code    50  i2c.o(i.MX_I2C1_Init)
    MX_TIM2_Init                             0x080017c1   Thumb Code    98  tim.o(i.MX_TIM2_Init)
    MemManage_Handler                        0x08001829   Thumb Code     2  stm32f1xx_it.o(i.MemManage_Handler)
    NMI_Handler                              0x0800182b   Thumb Code     2  stm32f1xx_it.o(i.NMI_Handler)
    OLED_DrawImage                           0x0800182d   Thumb Code    18  oled.o(i.OLED_DrawImage)
    OLED_Init                                0x0800183f   Thumb Code   182  oled.o(i.OLED_Init)
    OLED_NewFrame                            0x080018f5   Thumb Code    10  oled.o(i.OLED_NewFrame)
    OLED_PrintASCIIChar                      0x08001905   Thumb Code    32  oled.o(i.OLED_PrintASCIIChar)
    OLED_PrintString                         0x08001925   Thumb Code   182  oled.o(i.OLED_PrintString)
    OLED_Send                                0x080019dd   Thumb Code    22  oled.o(i.OLED_Send)
    OLED_SendCmd                             0x080019f9   Thumb Code    12  oled.o(i.OLED_SendCmd)
    OLED_SetBits                             0x08001a09   Thumb Code    72  oled.o(i.OLED_SetBits)
    OLED_SetBits_Fine                        0x08001a51   Thumb Code   104  oled.o(i.OLED_SetBits_Fine)
    OLED_SetBlock                            0x08001ab9   Thumb Code   136  oled.o(i.OLED_SetBlock)
    OLED_SetByte_Fine                        0x08001b41   Thumb Code    64  oled.o(i.OLED_SetByte_Fine)
    OLED_ShowFrame                           0x08001b89   Thumb Code    68  oled.o(i.OLED_ShowFrame)
    OLED_Test                                0x08001bd1   Thumb Code    46  oled.o(i.OLED_Test)
    OLED_Typewriter                          0x08001c09   Thumb Code   126  animation.o(i.OLED_Typewriter)
    OLED_TypewriterCodePaged                 0x08001c89   Thumb Code    78  animation.o(i.OLED_TypewriterCodePaged)
    OLED_TypewriterLine                      0x08001cdd   Thumb Code   122  animation.o(i.OLED_TypewriterLine)
    PendSV_Handler                           0x08001d57   Thumb Code     2  stm32f1xx_it.o(i.PendSV_Handler)
    SVC_Handler                              0x08001d59   Thumb Code     2  stm32f1xx_it.o(i.SVC_Handler)
    ShowChinese                              0x08001d5d   Thumb Code    26  animation.o(i.ShowChinese)
    ShowCode                                 0x08001d95   Thumb Code    22  animation.o(i.ShowCode)
    ShowProgressBar                          0x08001db5   Thumb Code    58  animation.o(i.ShowProgressBar)
    SysTick_Handler                          0x08001df9   Thumb Code     4  stm32f1xx_it.o(i.SysTick_Handler)
    SystemClock_Config                       0x08001dfd   Thumb Code    88  main.o(i.SystemClock_Config)
    SystemInit                               0x08001e55   Thumb Code     2  system_stm32f1xx.o(i.SystemInit)
    TIM2_IRQHandler                          0x08001e59   Thumb Code     6  stm32f1xx_it.o(i.TIM2_IRQHandler)
    TIM_Base_SetConfig                       0x08001e65   Thumb Code   108  stm32f1xx_hal_tim.o(i.TIM_Base_SetConfig)
    TIM_ETR_SetConfig                        0x08001edd   Thumb Code    20  stm32f1xx_hal_tim.o(i.TIM_ETR_SetConfig)
    UsageFault_Handler                       0x08001f47   Thumb Code     2  stm32f1xx_it.o(i.UsageFault_Handler)
    _OLED_GetUTF8Len                         0x08001f49   Thumb Code    50  oled.o(i._OLED_GetUTF8Len)
    main                                     0x08001f9d   Thumb Code    46  main.o(i.main)
    AHBPrescTable                            0x08001fe2   Data          16  system_stm32f1xx.o(.constdata)
    APBPrescTable                            0x08001ff2   Data           8  system_stm32f1xx.o(.constdata)
    ascii_16x8                               0x08001ffa   Data        1520  font.o(.constdata)
    afont16x8                                0x080025ec   Data           8  font.o(.constdata)
    zh16x16                                  0x080025f4   Data         324  font.o(.constdata)
    font16x16                                0x08002738   Data          16  font.o(.constdata)
    Data3                                    0x08002748   Data         912  font.o(.constdata)
    Img3                                     0x08002ad8   Data           8  font.o(.constdata)
    Data9                                    0x08002ae0   Data         912  font.o(.constdata)
    Img9                                     0x08002e70   Data           8  font.o(.constdata)
    Data13                                   0x08002e78   Data         912  font.o(.constdata)
    Img13                                    0x08003208   Data           8  font.o(.constdata)
    Data17                                   0x08003210   Data         912  font.o(.constdata)
    Img17                                    0x080035a0   Data           8  font.o(.constdata)
    Data18                                   0x080035a8   Data         912  font.o(.constdata)
    Img18                                    0x08003938   Data           8  font.o(.constdata)
    Data22                                   0x08003940   Data         912  font.o(.constdata)
    Img22                                    0x08003cd0   Data           8  font.o(.constdata)
    Data26                                   0x08003cd8   Data         912  font.o(.constdata)
    Img26                                    0x08004068   Data           8  font.o(.constdata)
    Data30                                   0x08004070   Data         912  font.o(.constdata)
    Img30                                    0x08004400   Data           8  font.o(.constdata)
    Data31                                   0x08004408   Data         912  font.o(.constdata)
    Img31                                    0x08004798   Data           8  font.o(.constdata)
    Data35                                   0x080047a0   Data         912  font.o(.constdata)
    Img35                                    0x08004b30   Data           8  font.o(.constdata)
    Data39                                   0x08004b38   Data         912  font.o(.constdata)
    Img39                                    0x08004ec8   Data           8  font.o(.constdata)
    Data40                                   0x08004ed0   Data         912  font.o(.constdata)
    Img40                                    0x08005260   Data           8  font.o(.constdata)
    Data41                                   0x08005268   Data         912  font.o(.constdata)
    Img41                                    0x080055f8   Data           8  font.o(.constdata)
    Data45                                   0x08005600   Data         912  font.o(.constdata)
    Img45                                    0x08005990   Data           8  font.o(.constdata)
    Data46                                   0x08005998   Data         912  font.o(.constdata)
    Img46                                    0x08005d28   Data           8  font.o(.constdata)
    Data47                                   0x08005d30   Data         912  font.o(.constdata)
    Img47                                    0x080060c0   Data           8  font.o(.constdata)
    Data51                                   0x080060c8   Data         912  font.o(.constdata)
    Img51                                    0x08006458   Data           8  font.o(.constdata)
    Data54                                   0x08006460   Data         912  font.o(.constdata)
    Img54                                    0x080067f0   Data           8  font.o(.constdata)
    Data57                                   0x080067f8   Data         912  font.o(.constdata)
    Img57                                    0x08006b88   Data           8  font.o(.constdata)
    Data60                                   0x08006b90   Data         912  font.o(.constdata)
    Img60                                    0x08006f20   Data           8  font.o(.constdata)
    Data62                                   0x08006f28   Data         912  font.o(.constdata)
    Img62                                    0x080072b8   Data           8  font.o(.constdata)
    Data63                                   0x080072c0   Data         912  font.o(.constdata)
    Img63                                    0x08007650   Data           8  font.o(.constdata)
    Data66                                   0x08007658   Data         912  font.o(.constdata)
    Img66                                    0x080079e8   Data           8  font.o(.constdata)
    Data68                                   0x080079f0   Data         912  font.o(.constdata)
    Img68                                    0x08007d80   Data           8  font.o(.constdata)
    Data69                                   0x08007d88   Data         912  font.o(.constdata)
    Img69                                    0x08008118   Data           8  font.o(.constdata)
    Data70                                   0x08008120   Data         912  font.o(.constdata)
    Img70                                    0x080084b0   Data           8  font.o(.constdata)
    Data72                                   0x080084b8   Data         912  font.o(.constdata)
    Img72                                    0x08008848   Data           8  font.o(.constdata)
    Data73                                   0x08008850   Data         912  font.o(.constdata)
    Img73                                    0x08008be0   Data           8  font.o(.constdata)
    Data74                                   0x08008be8   Data         912  font.o(.constdata)
    Img74                                    0x08008f78   Data           8  font.o(.constdata)
    Data75                                   0x08008f80   Data         912  font.o(.constdata)
    Img75                                    0x08009310   Data           8  font.o(.constdata)
    Data78                                   0x08009318   Data         912  font.o(.constdata)
    Img78                                    0x080096a8   Data           8  font.o(.constdata)
    Data79                                   0x080096b0   Data         912  font.o(.constdata)
    Img79                                    0x08009a40   Data           8  font.o(.constdata)
    Data80                                   0x08009a48   Data         912  font.o(.constdata)
    Img80                                    0x08009dd8   Data           8  font.o(.constdata)
    Data81                                   0x08009de0   Data         912  font.o(.constdata)
    Img81                                    0x0800a170   Data           8  font.o(.constdata)
    Data83                                   0x0800a178   Data         912  font.o(.constdata)
    Img83                                    0x0800a508   Data           8  font.o(.constdata)
    Data86                                   0x0800a510   Data         912  font.o(.constdata)
    Img86                                    0x0800a8a0   Data           8  font.o(.constdata)
    Data87                                   0x0800a8a8   Data         912  font.o(.constdata)
    Img87                                    0x0800ac38   Data           8  font.o(.constdata)
    Data89                                   0x0800ac40   Data         912  font.o(.constdata)
    Img89                                    0x0800afd0   Data           8  font.o(.constdata)
    Data90                                   0x0800afd8   Data         912  font.o(.constdata)
    Img90                                    0x0800b368   Data           8  font.o(.constdata)
    Data91                                   0x0800b370   Data         912  font.o(.constdata)
    Img91                                    0x0800b700   Data           8  font.o(.constdata)
    Data93                                   0x0800b708   Data         912  font.o(.constdata)
    Img93                                    0x0800ba98   Data           8  font.o(.constdata)
    Data94                                   0x0800baa0   Data         912  font.o(.constdata)
    Img94                                    0x0800be30   Data           8  font.o(.constdata)
    Data96                                   0x0800be38   Data         912  font.o(.constdata)
    Img96                                    0x0800c1c8   Data           8  font.o(.constdata)
    Data98                                   0x0800c1d0   Data         912  font.o(.constdata)
    Img98                                    0x0800c560   Data           8  font.o(.constdata)
    Data99                                   0x0800c568   Data         912  font.o(.constdata)
    Img99                                    0x0800c8f8   Data           8  font.o(.constdata)
    Data100                                  0x0800c900   Data         912  font.o(.constdata)
    Img100                                   0x0800cc90   Data           8  font.o(.constdata)
    Data101                                  0x0800cc98   Data         912  font.o(.constdata)
    Img101                                   0x0800d028   Data           8  font.o(.constdata)
    Data102                                  0x0800d030   Data         912  font.o(.constdata)
    Img102                                   0x0800d3c0   Data           8  font.o(.constdata)
    Data104                                  0x0800d3c8   Data         912  font.o(.constdata)
    Img104                                   0x0800d758   Data           8  font.o(.constdata)
    Data105                                  0x0800d760   Data         912  font.o(.constdata)
    Img105                                   0x0800daf0   Data           8  font.o(.constdata)
    Data106                                  0x0800daf8   Data         912  font.o(.constdata)
    Img106                                   0x0800de88   Data           8  font.o(.constdata)
    Data107                                  0x0800de90   Data         912  font.o(.constdata)
    Img107                                   0x0800e220   Data           8  font.o(.constdata)
    Data108                                  0x0800e228   Data         912  font.o(.constdata)
    Img108                                   0x0800e5b8   Data           8  font.o(.constdata)
    Data109                                  0x0800e5c0   Data         912  font.o(.constdata)
    Img109                                   0x0800e950   Data           8  font.o(.constdata)
    Data110                                  0x0800e958   Data         912  font.o(.constdata)
    Img110                                   0x0800ece8   Data           8  font.o(.constdata)
    Data111                                  0x0800ecf0   Data         912  font.o(.constdata)
    Img111                                   0x0800f080   Data           8  font.o(.constdata)
    Data113                                  0x0800f088   Data         912  font.o(.constdata)
    Img113                                   0x0800f418   Data           8  font.o(.constdata)
    Data114                                  0x0800f420   Data         912  font.o(.constdata)
    Img114                                   0x0800f7b0   Data           8  font.o(.constdata)
    Data116                                  0x0800f7b8   Data         912  font.o(.constdata)
    Img116                                   0x0800fb48   Data           8  font.o(.constdata)
    Data118                                  0x0800fb50   Data         912  font.o(.constdata)
    Img118                                   0x0800fee0   Data           8  font.o(.constdata)
    Data119                                  0x0800fee8   Data         912  font.o(.constdata)
    Img119                                   0x08010278   Data           8  font.o(.constdata)
    Data121                                  0x08010280   Data         912  font.o(.constdata)
    Img121                                   0x08010610   Data           8  font.o(.constdata)
    Data123                                  0x08010618   Data         912  font.o(.constdata)
    Img123                                   0x080109a8   Data           8  font.o(.constdata)
    Data125                                  0x080109b0   Data         912  font.o(.constdata)
    Img125                                   0x08010d40   Data           8  font.o(.constdata)
    Data126                                  0x08010d48   Data         912  font.o(.constdata)
    Img126                                   0x080110d8   Data           8  font.o(.constdata)
    Data128                                  0x080110e0   Data         912  font.o(.constdata)
    Img128                                   0x08011470   Data           8  font.o(.constdata)
    Region$$Table$$Base                      0x0801152c   Number         0  anon$$obj.o(Region$$Table)
    Region$$Table$$Limit                     0x0801154c   Number         0  anon$$obj.o(Region$$Table)
    uwTickFreq                               0x20000000   Data           1  stm32f1xx_hal.o(.data)
    uwTickPrio                               0x20000004   Data           4  stm32f1xx_hal.o(.data)
    uwTick                                   0x20000008   Data           4  stm32f1xx_hal.o(.data)
    SystemCoreClock                          0x2000000c   Data           4  system_stm32f1xx.o(.data)
    currentScreen                            0x20000010   Data           1  animation.o(.data)
    code_lines                               0x20000018   Data          44  animation.o(.data)
    animation_frames                         0x20000044   Data         264  font.o(.data)
    hi2c1                                    0x20000150   Data          84  i2c.o(.bss)
    htim2                                    0x200001a4   Data          72  tim.o(.bss)
    OLED_GRAM                                0x2000026d   Data        1024  oled.o(.bss)
    __libspace_start                         0x20000670   Data          96  libspace.o(.bss)
    __temporary_stack_top$libspace           0x200006d0   Data           0  libspace.o(.bss)



==============================================================================

Memory Map of the image

  Image Entry point : 0x080000ed

  Load Region LR_IROM1 (Base: 0x08000000, Size: 0x0001169c, Max: 0x00020000, ABSOLUTE, COMPRESSED[0x00011664])

    Execution Region ER_IROM1 (Exec base: 0x08000000, Load base: 0x08000000, Size: 0x0001154c, Max: 0x00020000, ABSOLUTE)

    Exec Addr    Load Addr    Size         Type   Attr      Idx    E Section Name        Object

    0x08000000   0x08000000   0x000000ec   Data   RO            3    RESET               startup_stm32f103xb.o
    0x080000ec   0x080000ec   0x00000008   Code   RO         3421  * !!!main             c_w.l(__main.o)
    0x080000f4   0x080000f4   0x00000034   Code   RO         3605    !!!scatter          c_w.l(__scatter.o)
    0x08000128   0x08000128   0x0000005a   Code   RO         3603    !!dczerorl2         c_w.l(__dczerorl2.o)
    0x08000182   0x08000182   0x00000002   PAD
    0x08000184   0x08000184   0x0000001c   Code   RO         3607    !!handler_zi        c_w.l(__scatter_zi.o)
    0x080001a0   0x080001a0   0x00000002   Code   RO         3473    .ARM.Collect$$libinit$$00000000  c_w.l(libinit.o)
    0x080001a2   0x080001a2   0x00000000   Code   RO         3480    .ARM.Collect$$libinit$$00000002  c_w.l(libinit2.o)
    0x080001a2   0x080001a2   0x00000000   Code   RO         3482    .ARM.Collect$$libinit$$00000004  c_w.l(libinit2.o)
    0x080001a2   0x080001a2   0x00000000   Code   RO         3485    .ARM.Collect$$libinit$$0000000A  c_w.l(libinit2.o)
    0x080001a2   0x080001a2   0x00000000   Code   RO         3487    .ARM.Collect$$libinit$$0000000C  c_w.l(libinit2.o)
    0x080001a2   0x080001a2   0x00000000   Code   RO         3489    .ARM.Collect$$libinit$$0000000E  c_w.l(libinit2.o)
    0x080001a2   0x080001a2   0x00000000   Code   RO         3492    .ARM.Collect$$libinit$$00000011  c_w.l(libinit2.o)
    0x080001a2   0x080001a2   0x00000000   Code   RO         3494    .ARM.Collect$$libinit$$00000013  c_w.l(libinit2.o)
    0x080001a2   0x080001a2   0x00000000   Code   RO         3496    .ARM.Collect$$libinit$$00000015  c_w.l(libinit2.o)
    0x080001a2   0x080001a2   0x00000000   Code   RO         3498    .ARM.Collect$$libinit$$00000017  c_w.l(libinit2.o)
    0x080001a2   0x080001a2   0x00000000   Code   RO         3500    .ARM.Collect$$libinit$$00000019  c_w.l(libinit2.o)
    0x080001a2   0x080001a2   0x00000000   Code   RO         3502    .ARM.Collect$$libinit$$0000001B  c_w.l(libinit2.o)
    0x080001a2   0x080001a2   0x00000000   Code   RO         3504    .ARM.Collect$$libinit$$0000001D  c_w.l(libinit2.o)
    0x080001a2   0x080001a2   0x00000000   Code   RO         3506    .ARM.Collect$$libinit$$0000001F  c_w.l(libinit2.o)
    0x080001a2   0x080001a2   0x00000000   Code   RO         3508    .ARM.Collect$$libinit$$00000021  c_w.l(libinit2.o)
    0x080001a2   0x080001a2   0x00000000   Code   RO         3510    .ARM.Collect$$libinit$$00000023  c_w.l(libinit2.o)
    0x080001a2   0x080001a2   0x00000000   Code   RO         3512    .ARM.Collect$$libinit$$00000025  c_w.l(libinit2.o)
    0x080001a2   0x080001a2   0x00000000   Code   RO         3516    .ARM.Collect$$libinit$$0000002C  c_w.l(libinit2.o)
    0x080001a2   0x080001a2   0x00000000   Code   RO         3518    .ARM.Collect$$libinit$$0000002E  c_w.l(libinit2.o)
    0x080001a2   0x080001a2   0x00000000   Code   RO         3520    .ARM.Collect$$libinit$$00000030  c_w.l(libinit2.o)
    0x080001a2   0x080001a2   0x00000000   Code   RO         3522    .ARM.Collect$$libinit$$00000032  c_w.l(libinit2.o)
    0x080001a2   0x080001a2   0x00000002   Code   RO         3523    .ARM.Collect$$libinit$$00000033  c_w.l(libinit2.o)
    0x080001a4   0x080001a4   0x00000002   Code   RO         3543    .ARM.Collect$$libshutdown$$00000000  c_w.l(libshutdown.o)
    0x080001a6   0x080001a6   0x00000000   Code   RO         3556    .ARM.Collect$$libshutdown$$00000002  c_w.l(libshutdown2.o)
    0x080001a6   0x080001a6   0x00000000   Code   RO         3558    .ARM.Collect$$libshutdown$$00000004  c_w.l(libshutdown2.o)
    0x080001a6   0x080001a6   0x00000000   Code   RO         3561    .ARM.Collect$$libshutdown$$00000007  c_w.l(libshutdown2.o)
    0x080001a6   0x080001a6   0x00000000   Code   RO         3564    .ARM.Collect$$libshutdown$$0000000A  c_w.l(libshutdown2.o)
    0x080001a6   0x080001a6   0x00000000   Code   RO         3566    .ARM.Collect$$libshutdown$$0000000C  c_w.l(libshutdown2.o)
    0x080001a6   0x080001a6   0x00000000   Code   RO         3569    .ARM.Collect$$libshutdown$$0000000F  c_w.l(libshutdown2.o)
    0x080001a6   0x080001a6   0x00000002   Code   RO         3570    .ARM.Collect$$libshutdown$$00000010  c_w.l(libshutdown2.o)
    0x080001a8   0x080001a8   0x00000000   Code   RO         3441    .ARM.Collect$$rtentry$$00000000  c_w.l(__rtentry.o)
    0x080001a8   0x080001a8   0x00000000   Code   RO         3450    .ARM.Collect$$rtentry$$00000002  c_w.l(__rtentry2.o)
    0x080001a8   0x080001a8   0x00000006   Code   RO         3462    .ARM.Collect$$rtentry$$00000004  c_w.l(__rtentry4.o)
    0x080001ae   0x080001ae   0x00000000   Code   RO         3452    .ARM.Collect$$rtentry$$00000009  c_w.l(__rtentry2.o)
    0x080001ae   0x080001ae   0x00000004   Code   RO         3453    .ARM.Collect$$rtentry$$0000000A  c_w.l(__rtentry2.o)
    0x080001b2   0x080001b2   0x00000000   Code   RO         3455    .ARM.Collect$$rtentry$$0000000C  c_w.l(__rtentry2.o)
    0x080001b2   0x080001b2   0x00000008   Code   RO         3456    .ARM.Collect$$rtentry$$0000000D  c_w.l(__rtentry2.o)
    0x080001ba   0x080001ba   0x00000002   Code   RO         3477    .ARM.Collect$$rtexit$$00000000  c_w.l(rtexit.o)
    0x080001bc   0x080001bc   0x00000000   Code   RO         3525    .ARM.Collect$$rtexit$$00000002  c_w.l(rtexit2.o)
    0x080001bc   0x080001bc   0x00000004   Code   RO         3526    .ARM.Collect$$rtexit$$00000003  c_w.l(rtexit2.o)
    0x080001c0   0x080001c0   0x00000006   Code   RO         3527    .ARM.Collect$$rtexit$$00000004  c_w.l(rtexit2.o)
    0x080001c6   0x080001c6   0x00000002   PAD
    0x080001c8   0x080001c8   0x00000040   Code   RO            4    .text               startup_stm32f103xb.o
    0x08000208   0x08000208   0x00000058   Code   RO         3407    .text               c_w.l(memcmp.o)
    0x08000260   0x08000260   0x0000003e   Code   RO         3409    .text               c_w.l(strlen.o)
    0x0800029e   0x0800029e   0x0000008a   Code   RO         3411    .text               c_w.l(rt_memcpy_v6.o)
    0x08000328   0x08000328   0x00000044   Code   RO         3413    .text               c_w.l(rt_memclr.o)
    0x0800036c   0x0800036c   0x0000004e   Code   RO         3415    .text               c_w.l(rt_memclr_w.o)
    0x080003ba   0x080003ba   0x00000056   Code   RO         3417    .text               c_w.l(strncpy.o)
    0x08000410   0x08000410   0x00000006   Code   RO         3419    .text               c_w.l(heapauxi.o)
    0x08000416   0x08000416   0x00000064   Code   RO         3442    .text               c_w.l(rt_memcpy_w.o)
    0x0800047a   0x0800047a   0x0000004a   Code   RO         3464    .text               c_w.l(sys_stackheap_outer.o)
    0x080004c4   0x080004c4   0x00000012   Code   RO         3466    .text               c_w.l(exit.o)
    0x080004d6   0x080004d6   0x00000002   PAD
    0x080004d8   0x080004d8   0x00000008   Code   RO         3474    .text               c_w.l(libspace.o)
    0x080004e0   0x080004e0   0x0000000c   Code   RO         3535    .text               c_w.l(sys_exit.o)
    0x080004ec   0x080004ec   0x00000002   Code   RO         3546    .text               c_w.l(use_no_semi.o)
    0x080004ee   0x080004ee   0x00000000   Code   RO         3548    .text               c_w.l(indicate_semi.o)
    0x080004ee   0x080004ee   0x00000002   PAD
    0x080004f0   0x080004f0   0x000000ec   Code   RO         2857    i.AnimationManager_Handle  animation.o
    0x080005dc   0x080005dc   0x00000002   Code   RO          290    i.BusFault_Handler  stm32f1xx_it.o
    0x080005de   0x080005de   0x00000002   Code   RO          291    i.DebugMon_Handler  stm32f1xx_it.o
    0x080005e0   0x080005e0   0x00000004   Code   RO           13    i.Error_Handler     main.o
    0x080005e4   0x080005e4   0x00000024   Code   RO          876    i.HAL_Delay         stm32f1xx_hal.o
    0x08000608   0x08000608   0x000001e0   Code   RO         1186    i.HAL_GPIO_Init     stm32f1xx_hal_gpio.o
    0x080007e8   0x080007e8   0x0000000c   Code   RO          880    i.HAL_GetTick       stm32f1xx_hal.o
    0x080007f4   0x080007f4   0x00000188   Code   RO          443    i.HAL_I2C_Init      stm32f1xx_hal_i2c.o
    0x0800097c   0x0800097c   0x0000012c   Code   RO          456    i.HAL_I2C_Master_Transmit  stm32f1xx_hal_i2c.o
    0x08000aa8   0x08000aa8   0x0000005c   Code   RO          207    i.HAL_I2C_MspInit   i2c.o
    0x08000b04   0x08000b04   0x00000010   Code   RO          886    i.HAL_IncTick       stm32f1xx_hal.o
    0x08000b14   0x08000b14   0x00000024   Code   RO          887    i.HAL_Init          stm32f1xx_hal.o
    0x08000b38   0x08000b38   0x00000040   Code   RO          888    i.HAL_InitTick      stm32f1xx_hal.o
    0x08000b78   0x08000b78   0x0000003c   Code   RO          372    i.HAL_MspInit       stm32f1xx_hal_msp.o
    0x08000bb4   0x08000bb4   0x0000001a   Code   RO         1346    i.HAL_NVIC_EnableIRQ  stm32f1xx_hal_cortex.o
    0x08000bce   0x08000bce   0x00000002   PAD
    0x08000bd0   0x08000bd0   0x00000040   Code   RO         1352    i.HAL_NVIC_SetPriority  stm32f1xx_hal_cortex.o
    0x08000c10   0x08000c10   0x00000024   Code   RO         1353    i.HAL_NVIC_SetPriorityGrouping  stm32f1xx_hal_cortex.o
    0x08000c34   0x08000c34   0x0000012c   Code   RO         1044    i.HAL_RCC_ClockConfig  stm32f1xx_hal_rcc.o
    0x08000d60   0x08000d60   0x00000020   Code   RO         1051    i.HAL_RCC_GetPCLK1Freq  stm32f1xx_hal_rcc.o
    0x08000d80   0x08000d80   0x0000004c   Code   RO         1053    i.HAL_RCC_GetSysClockFreq  stm32f1xx_hal_rcc.o
    0x08000dcc   0x08000dcc   0x00000328   Code   RO         1056    i.HAL_RCC_OscConfig  stm32f1xx_hal_rcc.o
    0x080010f4   0x080010f4   0x00000028   Code   RO         1357    i.HAL_SYSTICK_Config  stm32f1xx_hal_cortex.o
    0x0800111c   0x0800111c   0x00000002   Code   RO         2552    i.HAL_TIMEx_BreakCallback  stm32f1xx_hal_tim_ex.o
    0x0800111e   0x0800111e   0x00000002   Code   RO         2553    i.HAL_TIMEx_CommutCallback  stm32f1xx_hal_tim_ex.o
    0x08001120   0x08001120   0x00000068   Code   RO         2571    i.HAL_TIMEx_MasterConfigSynchronization  stm32f1xx_hal_tim_ex.o
    0x08001188   0x08001188   0x0000005a   Code   RO         1848    i.HAL_TIM_Base_Init  stm32f1xx_hal_tim.o
    0x080011e2   0x080011e2   0x00000002   PAD
    0x080011e4   0x080011e4   0x00000038   Code   RO          249    i.HAL_TIM_Base_MspInit  tim.o
    0x0800121c   0x0800121c   0x00000058   Code   RO         1853    i.HAL_TIM_Base_Start_IT  stm32f1xx_hal_tim.o
    0x08001274   0x08001274   0x000000dc   Code   RO         1857    i.HAL_TIM_ConfigClockSource  stm32f1xx_hal_tim.o
    0x08001350   0x08001350   0x00000002   Code   RO         1882    i.HAL_TIM_IC_CaptureCallback  stm32f1xx_hal_tim.o
    0x08001352   0x08001352   0x00000130   Code   RO         1896    i.HAL_TIM_IRQHandler  stm32f1xx_hal_tim.o
    0x08001482   0x08001482   0x00000002   Code   RO         1899    i.HAL_TIM_OC_DelayElapsedCallback  stm32f1xx_hal_tim.o
    0x08001484   0x08001484   0x00000002   Code   RO         1926    i.HAL_TIM_PWM_PulseFinishedCallback  stm32f1xx_hal_tim.o
    0x08001486   0x08001486   0x00000002   Code   RO           14    i.HAL_TIM_PeriodElapsedCallback  main.o
    0x08001488   0x08001488   0x00000002   Code   RO         1939    i.HAL_TIM_TriggerCallback  stm32f1xx_hal_tim.o
    0x0800148a   0x0800148a   0x00000002   Code   RO          292    i.HardFault_Handler  stm32f1xx_it.o
    0x0800148c   0x0800148c   0x0000002e   Code   RO          486    i.I2C_IsAcknowledgeFailed  stm32f1xx_hal_i2c.o
    0x080014ba   0x080014ba   0x00000002   PAD
    0x080014bc   0x080014bc   0x0000009c   Code   RO          490    i.I2C_MasterRequestWrite  stm32f1xx_hal_i2c.o
    0x08001558   0x08001558   0x00000056   Code   RO          501    i.I2C_WaitOnBTFFlagUntilTimeout  stm32f1xx_hal_i2c.o
    0x080015ae   0x080015ae   0x00000002   PAD
    0x080015b0   0x080015b0   0x00000090   Code   RO          502    i.I2C_WaitOnFlagUntilTimeout  stm32f1xx_hal_i2c.o
    0x08001640   0x08001640   0x000000bc   Code   RO          503    i.I2C_WaitOnMasterAddressFlagUntilTimeout  stm32f1xx_hal_i2c.o
    0x080016fc   0x080016fc   0x00000056   Code   RO          505    i.I2C_WaitOnTXEFlagUntilTimeout  stm32f1xx_hal_i2c.o
    0x08001752   0x08001752   0x00000002   PAD
    0x08001754   0x08001754   0x0000002c   Code   RO          182    i.MX_GPIO_Init      gpio.o
    0x08001780   0x08001780   0x00000040   Code   RO          208    i.MX_I2C1_Init      i2c.o
    0x080017c0   0x080017c0   0x00000068   Code   RO          250    i.MX_TIM2_Init      tim.o
    0x08001828   0x08001828   0x00000002   Code   RO          293    i.MemManage_Handler  stm32f1xx_it.o
    0x0800182a   0x0800182a   0x00000002   Code   RO          294    i.NMI_Handler       stm32f1xx_it.o
    0x0800182c   0x0800182c   0x00000012   Code   RO         3215    i.OLED_DrawImage    oled.o
    0x0800183e   0x0800183e   0x000000b6   Code   RO         3219    i.OLED_Init         oled.o
    0x080018f4   0x080018f4   0x00000010   Code   RO         3220    i.OLED_NewFrame     oled.o
    0x08001904   0x08001904   0x00000020   Code   RO         3221    i.OLED_PrintASCIIChar  oled.o
    0x08001924   0x08001924   0x000000b6   Code   RO         3223    i.OLED_PrintString  oled.o
    0x080019da   0x080019da   0x00000002   PAD
    0x080019dc   0x080019dc   0x0000001c   Code   RO         3224    i.OLED_Send         oled.o
    0x080019f8   0x080019f8   0x00000010   Code   RO         3225    i.OLED_SendCmd      oled.o
    0x08001a08   0x08001a08   0x00000048   Code   RO         3226    i.OLED_SetBits      oled.o
    0x08001a50   0x08001a50   0x00000068   Code   RO         3227    i.OLED_SetBits_Fine  oled.o
    0x08001ab8   0x08001ab8   0x00000088   Code   RO         3228    i.OLED_SetBlock     oled.o
    0x08001b40   0x08001b40   0x00000048   Code   RO         3230    i.OLED_SetByte_Fine  oled.o
    0x08001b88   0x08001b88   0x00000048   Code   RO         3233    i.OLED_ShowFrame    oled.o
    0x08001bd0   0x08001bd0   0x00000038   Code   RO         3234    i.OLED_Test         oled.o
    0x08001c08   0x08001c08   0x0000007e   Code   RO         2858    i.OLED_Typewriter   animation.o
    0x08001c86   0x08001c86   0x00000002   PAD
    0x08001c88   0x08001c88   0x00000054   Code   RO         2859    i.OLED_TypewriterCodePaged  animation.o
    0x08001cdc   0x08001cdc   0x0000007a   Code   RO         2860    i.OLED_TypewriterLine  animation.o
    0x08001d56   0x08001d56   0x00000002   Code   RO          295    i.PendSV_Handler    stm32f1xx_it.o
    0x08001d58   0x08001d58   0x00000002   Code   RO          296    i.SVC_Handler       stm32f1xx_it.o
    0x08001d5a   0x08001d5a   0x00000002   PAD
    0x08001d5c   0x08001d5c   0x00000038   Code   RO         2861    i.ShowChinese       animation.o
    0x08001d94   0x08001d94   0x00000020   Code   RO         2862    i.ShowCode          animation.o
    0x08001db4   0x08001db4   0x00000044   Code   RO         2863    i.ShowProgressBar   animation.o
    0x08001df8   0x08001df8   0x00000004   Code   RO          297    i.SysTick_Handler   stm32f1xx_it.o
    0x08001dfc   0x08001dfc   0x00000058   Code   RO           15    i.SystemClock_Config  main.o
    0x08001e54   0x08001e54   0x00000002   Code   RO         2820    i.SystemInit        system_stm32f1xx.o
    0x08001e56   0x08001e56   0x00000002   PAD
    0x08001e58   0x08001e58   0x0000000c   Code   RO          298    i.TIM2_IRQHandler   stm32f1xx_it.o
    0x08001e64   0x08001e64   0x00000078   Code   RO         1941    i.TIM_Base_SetConfig  stm32f1xx_hal_tim.o
    0x08001edc   0x08001edc   0x00000014   Code   RO         1952    i.TIM_ETR_SetConfig  stm32f1xx_hal_tim.o
    0x08001ef0   0x08001ef0   0x00000010   Code   RO         1953    i.TIM_ITRx_SetConfig  stm32f1xx_hal_tim.o
    0x08001f00   0x08001f00   0x00000022   Code   RO         1959    i.TIM_TI1_ConfigInputStage  stm32f1xx_hal_tim.o
    0x08001f22   0x08001f22   0x00000024   Code   RO         1961    i.TIM_TI2_ConfigInputStage  stm32f1xx_hal_tim.o
    0x08001f46   0x08001f46   0x00000002   Code   RO          299    i.UsageFault_Handler  stm32f1xx_it.o
    0x08001f48   0x08001f48   0x00000032   Code   RO         3235    i._OLED_GetUTF8Len  oled.o
    0x08001f7a   0x08001f7a   0x00000020   Code   RO         1359    i.__NVIC_SetPriority  stm32f1xx_hal_cortex.o
    0x08001f9a   0x08001f9a   0x00000002   PAD
    0x08001f9c   0x08001f9c   0x00000034   Code   RO           16    i.main              main.o
    0x08001fd0   0x08001fd0   0x00000012   Data   RO         1057    .constdata          stm32f1xx_hal_rcc.o
    0x08001fe2   0x08001fe2   0x00000010   Data   RO         2821    .constdata          system_stm32f1xx.o
    0x08001ff2   0x08001ff2   0x00000008   Data   RO         2822    .constdata          system_stm32f1xx.o
    0x08001ffa   0x08001ffa   0x000005f0   Data   RO         2935    .constdata          font.o
    0x080025ea   0x080025ea   0x00000002   PAD
    0x080025ec   0x080025ec   0x00000008   Data   RO         2936    .constdata          font.o
    0x080025f4   0x080025f4   0x00000144   Data   RO         2939    .constdata          font.o
    0x08002738   0x08002738   0x00000010   Data   RO         2940    .constdata          font.o
    0x08002748   0x08002748   0x00000390   Data   RO         2947    .constdata          font.o
    0x08002ad8   0x08002ad8   0x00000008   Data   RO         2948    .constdata          font.o
    0x08002ae0   0x08002ae0   0x00000390   Data   RO         2959    .constdata          font.o
    0x08002e70   0x08002e70   0x00000008   Data   RO         2960    .constdata          font.o
    0x08002e78   0x08002e78   0x00000390   Data   RO         2967    .constdata          font.o
    0x08003208   0x08003208   0x00000008   Data   RO         2968    .constdata          font.o
    0x08003210   0x08003210   0x00000390   Data   RO         2975    .constdata          font.o
    0x080035a0   0x080035a0   0x00000008   Data   RO         2976    .constdata          font.o
    0x080035a8   0x080035a8   0x00000390   Data   RO         2977    .constdata          font.o
    0x08003938   0x08003938   0x00000008   Data   RO         2978    .constdata          font.o
    0x08003940   0x08003940   0x00000390   Data   RO         2985    .constdata          font.o
    0x08003cd0   0x08003cd0   0x00000008   Data   RO         2986    .constdata          font.o
    0x08003cd8   0x08003cd8   0x00000390   Data   RO         2993    .constdata          font.o
    0x08004068   0x08004068   0x00000008   Data   RO         2994    .constdata          font.o
    0x08004070   0x08004070   0x00000390   Data   RO         3001    .constdata          font.o
    0x08004400   0x08004400   0x00000008   Data   RO         3002    .constdata          font.o
    0x08004408   0x08004408   0x00000390   Data   RO         3003    .constdata          font.o
    0x08004798   0x08004798   0x00000008   Data   RO         3004    .constdata          font.o
    0x080047a0   0x080047a0   0x00000390   Data   RO         3011    .constdata          font.o
    0x08004b30   0x08004b30   0x00000008   Data   RO         3012    .constdata          font.o
    0x08004b38   0x08004b38   0x00000390   Data   RO         3019    .constdata          font.o
    0x08004ec8   0x08004ec8   0x00000008   Data   RO         3020    .constdata          font.o
    0x08004ed0   0x08004ed0   0x00000390   Data   RO         3021    .constdata          font.o
    0x08005260   0x08005260   0x00000008   Data   RO         3022    .constdata          font.o
    0x08005268   0x08005268   0x00000390   Data   RO         3023    .constdata          font.o
    0x080055f8   0x080055f8   0x00000008   Data   RO         3024    .constdata          font.o
    0x08005600   0x08005600   0x00000390   Data   RO         3031    .constdata          font.o
    0x08005990   0x08005990   0x00000008   Data   RO         3032    .constdata          font.o
    0x08005998   0x08005998   0x00000390   Data   RO         3033    .constdata          font.o
    0x08005d28   0x08005d28   0x00000008   Data   RO         3034    .constdata          font.o
    0x08005d30   0x08005d30   0x00000390   Data   RO         3035    .constdata          font.o
    0x080060c0   0x080060c0   0x00000008   Data   RO         3036    .constdata          font.o
    0x080060c8   0x080060c8   0x00000390   Data   RO         3043    .constdata          font.o
    0x08006458   0x08006458   0x00000008   Data   RO         3044    .constdata          font.o
    0x08006460   0x08006460   0x00000390   Data   RO         3047    .constdata          font.o
    0x080067f0   0x080067f0   0x00000008   Data   RO         3048    .constdata          font.o
    0x080067f8   0x080067f8   0x00000390   Data   RO         3053    .constdata          font.o
    0x08006b88   0x08006b88   0x00000008   Data   RO         3054    .constdata          font.o
    0x08006b90   0x08006b90   0x00000390   Data   RO         3059    .constdata          font.o
    0x08006f20   0x08006f20   0x00000008   Data   RO         3060    .constdata          font.o
    0x08006f28   0x08006f28   0x00000390   Data   RO         3061    .constdata          font.o
    0x080072b8   0x080072b8   0x00000008   Data   RO         3062    .constdata          font.o
    0x080072c0   0x080072c0   0x00000390   Data   RO         3063    .constdata          font.o
    0x08007650   0x08007650   0x00000008   Data   RO         3064    .constdata          font.o
    0x08007658   0x08007658   0x00000390   Data   RO         3069    .constdata          font.o
    0x080079e8   0x080079e8   0x00000008   Data   RO         3070    .constdata          font.o
    0x080079f0   0x080079f0   0x00000390   Data   RO         3073    .constdata          font.o
    0x08007d80   0x08007d80   0x00000008   Data   RO         3074    .constdata          font.o
    0x08007d88   0x08007d88   0x00000390   Data   RO         3075    .constdata          font.o
    0x08008118   0x08008118   0x00000008   Data   RO         3076    .constdata          font.o
    0x08008120   0x08008120   0x00000390   Data   RO         3077    .constdata          font.o
    0x080084b0   0x080084b0   0x00000008   Data   RO         3078    .constdata          font.o
    0x080084b8   0x080084b8   0x00000390   Data   RO         3079    .constdata          font.o
    0x08008848   0x08008848   0x00000008   Data   RO         3080    .constdata          font.o
    0x08008850   0x08008850   0x00000390   Data   RO         3081    .constdata          font.o
    0x08008be0   0x08008be0   0x00000008   Data   RO         3082    .constdata          font.o
    0x08008be8   0x08008be8   0x00000390   Data   RO         3083    .constdata          font.o
    0x08008f78   0x08008f78   0x00000008   Data   RO         3084    .constdata          font.o
    0x08008f80   0x08008f80   0x00000390   Data   RO         3085    .constdata          font.o
    0x08009310   0x08009310   0x00000008   Data   RO         3086    .constdata          font.o
    0x08009318   0x08009318   0x00000390   Data   RO         3089    .constdata          font.o
    0x080096a8   0x080096a8   0x00000008   Data   RO         3090    .constdata          font.o
    0x080096b0   0x080096b0   0x00000390   Data   RO         3091    .constdata          font.o
    0x08009a40   0x08009a40   0x00000008   Data   RO         3092    .constdata          font.o
    0x08009a48   0x08009a48   0x00000390   Data   RO         3093    .constdata          font.o
    0x08009dd8   0x08009dd8   0x00000008   Data   RO         3094    .constdata          font.o
    0x08009de0   0x08009de0   0x00000390   Data   RO         3095    .constdata          font.o
    0x0800a170   0x0800a170   0x00000008   Data   RO         3096    .constdata          font.o
    0x0800a178   0x0800a178   0x00000390   Data   RO         3099    .constdata          font.o
    0x0800a508   0x0800a508   0x00000008   Data   RO         3100    .constdata          font.o
    0x0800a510   0x0800a510   0x00000390   Data   RO         3103    .constdata          font.o
    0x0800a8a0   0x0800a8a0   0x00000008   Data   RO         3104    .constdata          font.o
    0x0800a8a8   0x0800a8a8   0x00000390   Data   RO         3105    .constdata          font.o
    0x0800ac38   0x0800ac38   0x00000008   Data   RO         3106    .constdata          font.o
    0x0800ac40   0x0800ac40   0x00000390   Data   RO         3109    .constdata          font.o
    0x0800afd0   0x0800afd0   0x00000008   Data   RO         3110    .constdata          font.o
    0x0800afd8   0x0800afd8   0x00000390   Data   RO         3111    .constdata          font.o
    0x0800b368   0x0800b368   0x00000008   Data   RO         3112    .constdata          font.o
    0x0800b370   0x0800b370   0x00000390   Data   RO         3113    .constdata          font.o
    0x0800b700   0x0800b700   0x00000008   Data   RO         3114    .constdata          font.o
    0x0800b708   0x0800b708   0x00000390   Data   RO         3117    .constdata          font.o
    0x0800ba98   0x0800ba98   0x00000008   Data   RO         3118    .constdata          font.o
    0x0800baa0   0x0800baa0   0x00000390   Data   RO         3119    .constdata          font.o
    0x0800be30   0x0800be30   0x00000008   Data   RO         3120    .constdata          font.o
    0x0800be38   0x0800be38   0x00000390   Data   RO         3123    .constdata          font.o
    0x0800c1c8   0x0800c1c8   0x00000008   Data   RO         3124    .constdata          font.o
    0x0800c1d0   0x0800c1d0   0x00000390   Data   RO         3127    .constdata          font.o
    0x0800c560   0x0800c560   0x00000008   Data   RO         3128    .constdata          font.o
    0x0800c568   0x0800c568   0x00000390   Data   RO         3129    .constdata          font.o
    0x0800c8f8   0x0800c8f8   0x00000008   Data   RO         3130    .constdata          font.o
    0x0800c900   0x0800c900   0x00000390   Data   RO         3131    .constdata          font.o
    0x0800cc90   0x0800cc90   0x00000008   Data   RO         3132    .constdata          font.o
    0x0800cc98   0x0800cc98   0x00000390   Data   RO         3133    .constdata          font.o
    0x0800d028   0x0800d028   0x00000008   Data   RO         3134    .constdata          font.o
    0x0800d030   0x0800d030   0x00000390   Data   RO         3135    .constdata          font.o
    0x0800d3c0   0x0800d3c0   0x00000008   Data   RO         3136    .constdata          font.o
    0x0800d3c8   0x0800d3c8   0x00000390   Data   RO         3139    .constdata          font.o
    0x0800d758   0x0800d758   0x00000008   Data   RO         3140    .constdata          font.o
    0x0800d760   0x0800d760   0x00000390   Data   RO         3141    .constdata          font.o
    0x0800daf0   0x0800daf0   0x00000008   Data   RO         3142    .constdata          font.o
    0x0800daf8   0x0800daf8   0x00000390   Data   RO         3143    .constdata          font.o
    0x0800de88   0x0800de88   0x00000008   Data   RO         3144    .constdata          font.o
    0x0800de90   0x0800de90   0x00000390   Data   RO         3145    .constdata          font.o
    0x0800e220   0x0800e220   0x00000008   Data   RO         3146    .constdata          font.o
    0x0800e228   0x0800e228   0x00000390   Data   RO         3147    .constdata          font.o
    0x0800e5b8   0x0800e5b8   0x00000008   Data   RO         3148    .constdata          font.o
    0x0800e5c0   0x0800e5c0   0x00000390   Data   RO         3149    .constdata          font.o
    0x0800e950   0x0800e950   0x00000008   Data   RO         3150    .constdata          font.o
    0x0800e958   0x0800e958   0x00000390   Data   RO         3151    .constdata          font.o
    0x0800ece8   0x0800ece8   0x00000008   Data   RO         3152    .constdata          font.o
    0x0800ecf0   0x0800ecf0   0x00000390   Data   RO         3153    .constdata          font.o
    0x0800f080   0x0800f080   0x00000008   Data   RO         3154    .constdata          font.o
    0x0800f088   0x0800f088   0x00000390   Data   RO         3157    .constdata          font.o
    0x0800f418   0x0800f418   0x00000008   Data   RO         3158    .constdata          font.o
    0x0800f420   0x0800f420   0x00000390   Data   RO         3159    .constdata          font.o
    0x0800f7b0   0x0800f7b0   0x00000008   Data   RO         3160    .constdata          font.o
    0x0800f7b8   0x0800f7b8   0x00000390   Data   RO         3163    .constdata          font.o
    0x0800fb48   0x0800fb48   0x00000008   Data   RO         3164    .constdata          font.o
    0x0800fb50   0x0800fb50   0x00000390   Data   RO         3167    .constdata          font.o
    0x0800fee0   0x0800fee0   0x00000008   Data   RO         3168    .constdata          font.o
    0x0800fee8   0x0800fee8   0x00000390   Data   RO         3169    .constdata          font.o
    0x08010278   0x08010278   0x00000008   Data   RO         3170    .constdata          font.o
    0x08010280   0x08010280   0x00000390   Data   RO         3173    .constdata          font.o
    0x08010610   0x08010610   0x00000008   Data   RO         3174    .constdata          font.o
    0x08010618   0x08010618   0x00000390   Data   RO         3177    .constdata          font.o
    0x080109a8   0x080109a8   0x00000008   Data   RO         3178    .constdata          font.o
    0x080109b0   0x080109b0   0x00000390   Data   RO         3181    .constdata          font.o
    0x08010d40   0x08010d40   0x00000008   Data   RO         3182    .constdata          font.o
    0x08010d48   0x08010d48   0x00000390   Data   RO         3183    .constdata          font.o
    0x080110d8   0x080110d8   0x00000008   Data   RO         3184    .constdata          font.o
    0x080110e0   0x080110e0   0x00000390   Data   RO         3187    .constdata          font.o
    0x08011470   0x08011470   0x00000008   Data   RO         3188    .constdata          font.o
    0x08011478   0x08011478   0x000000b2   Data   RO         2865    .conststring        animation.o
    0x0801152a   0x0801152a   0x00000002   PAD
    0x0801152c   0x0801152c   0x00000020   Data   RO         3601    Region$$Table       anon$$obj.o


    Execution Region RW_IRAM1 (Exec base: 0x20000000, Load base: 0x0801154c, Size: 0x00000cd0, Max: 0x00005000, ABSOLUTE, COMPRESSED[0x00000118])

    Exec Addr    Load Addr    Size         Type   Attr      Idx    E Section Name        Object

    0x20000000   COMPRESSED   0x0000000c   Data   RW          894    .data               stm32f1xx_hal.o
    0x2000000c   COMPRESSED   0x00000004   Data   RW         2823    .data               system_stm32f1xx.o
    0x20000010   COMPRESSED   0x00000034   Data   RW         2866    .data               animation.o
    0x20000044   COMPRESSED   0x00000108   Data   RW         3189    .data               font.o
    0x2000014c   COMPRESSED   0x00000004   Data   RW         3237    .data               oled.o
    0x20000150        -       0x00000054   Zero   RW          209    .bss                i2c.o
    0x200001a4        -       0x00000048   Zero   RW          251    .bss                tim.o
    0x200001ec        -       0x00000481   Zero   RW         3236    .bss                oled.o
    0x2000066d   COMPRESSED   0x00000003   PAD
    0x20000670        -       0x00000060   Zero   RW         3475    .bss                c_w.l(libspace.o)
    0x200006d0        -       0x00000200   Zero   RW            2    HEAP                startup_stm32f103xb.o
    0x200008d0        -       0x00000400   Zero   RW            1    STACK               startup_stm32f103xb.o


==============================================================================

Image component sizes


      Code (inc. data)   RO Data    RW Data    ZI Data      Debug   Object Name

       724        118        178         52          0       9867   animation.o
         0          0      62588        264          0      10492   font.o
        44          6          0          0          0        779   gpio.o
       156         26          0          0         84       1625   i2c.o
       146          6          0          0          0     427256   main.o
      1036         38          0          4       1153      11020   oled.o
        64         26        236          0       1536        808   startup_stm32f103xb.o
       164         28          0         12          0       5889   stm32f1xx_hal.o
       198         14          0          0          0      28947   stm32f1xx_hal_cortex.o
       480         34          0          0          0       2260   stm32f1xx_hal_gpio.o
      1398         32          0          0          0       9093   stm32f1xx_hal_i2c.o
        60          8          0          0          0        870   stm32f1xx_hal_msp.o
      1216         72         18          0          0       4561   stm32f1xx_hal_rcc.o
       936         24          0          0          0       9849   stm32f1xx_hal_tim.o
       108         12          0          0          0       2401   stm32f1xx_hal_tim_ex.o
        32          6          0          0          0       4296   stm32f1xx_it.o
         2          0         24          4          0       1115   system_stm32f1xx.o
       160         12          0          0         72       1654   tim.o

    ----------------------------------------------------------------------
      6944        462      63080        336       2848     532782   Object Totals
         0          0         32          0          0          0   (incl. Generated)
        20          0          4          0          3          0   (incl. Padding)

    ----------------------------------------------------------------------

      Code (inc. data)   RO Data    RW Data    ZI Data      Debug   Library Member Name

        90          0          0          0          0          0   __dczerorl2.o
         8          0          0          0          0         68   __main.o
         0          0          0          0          0          0   __rtentry.o
        12          0          0          0          0          0   __rtentry2.o
         6          0          0          0          0          0   __rtentry4.o
        52          8          0          0          0          0   __scatter.o
        28          0          0          0          0          0   __scatter_zi.o
        18          0          0          0          0         80   exit.o
         6          0          0          0          0        152   heapauxi.o
         0          0          0          0          0          0   indicate_semi.o
         2          0          0          0          0          0   libinit.o
         2          0          0          0          0          0   libinit2.o
         2          0          0          0          0          0   libshutdown.o
         2          0          0          0          0          0   libshutdown2.o
         8          4          0          0         96         68   libspace.o
        88          0          0          0          0         76   memcmp.o
        68          0          0          0          0         68   rt_memclr.o
        78          0          0          0          0         80   rt_memclr_w.o
       138          0          0          0          0         68   rt_memcpy_v6.o
       100          0          0          0          0         80   rt_memcpy_w.o
         2          0          0          0          0          0   rtexit.o
        10          0          0          0          0          0   rtexit2.o
        62          0          0          0          0         76   strlen.o
        86          0          0          0          0         76   strncpy.o
        12          4          0          0          0         68   sys_exit.o
        74          0          0          0          0         80   sys_stackheap_outer.o
         2          0          0          0          0         68   use_no_semi.o

    ----------------------------------------------------------------------
       964         16          0          0         96       1108   Library Totals
         8          0          0          0          0          0   (incl. Padding)

    ----------------------------------------------------------------------

      Code (inc. data)   RO Data    RW Data    ZI Data      Debug   Library Name

       956         16          0          0         96       1108   c_w.l

    ----------------------------------------------------------------------
       964         16          0          0         96       1108   Library Totals

    ----------------------------------------------------------------------

==============================================================================


      Code (inc. data)   RO Data    RW Data    ZI Data      Debug   

      7908        478      63080        336       2944     529466   Grand Totals
      7908        478      63080        280       2944     529466   ELF Image Totals (compressed)
      7908        478      63080        280          0          0   ROM Totals

==============================================================================

    Total RO  Size (Code + RO Data)                70988 (  69.32kB)
    Total RW  Size (RW Data + ZI Data)              3280 (   3.20kB)
    Total ROM Size (Code + RO Data + RW Data)      71268 (  69.60kB)

==============================================================================

